// Jest Snapshot v1, https://goo.gl/fbAQLP

exports[`HEADER TESTS matches the snapshot 1`] = `
ShallowWrapper {
  "length": 1,
  Symbol(enzyme.__root__): [Circular],
  Symbol(enzyme.__unrendered__): <Header
    favorites="[]"
    showFaves={[Function]}
/>,
  Symbol(enzyme.__renderer__): Object {
    "batchedUpdates": [Function],
    "getNode": [Function],
    "render": [Function],
    "simulateEvent": [Function],
    "unmount": [Function],
  },
  Symbol(enzyme.__node__): Object {
    "instance": null,
    "key": undefined,
    "nodeType": "host",
    "props": Object {
      "children": Array [
        <h1
          className="title"
>
          SWAPI BOX
</h1>,
        <button
          className="show-faves-button"
          onClick={[Function]}
>
          View Favorites 
          2
</button>,
      ],
      "className": "header",
    },
    "ref": null,
    "rendered": Array [
      Object {
        "instance": null,
        "key": undefined,
        "nodeType": "host",
        "props": Object {
          "children": "SWAPI BOX",
          "className": "title",
        },
        "ref": null,
        "rendered": "SWAPI BOX",
        "type": "h1",
      },
      Object {
        "instance": null,
        "key": undefined,
        "nodeType": "host",
        "props": Object {
          "children": Array [
            "View Favorites ",
            2,
          ],
          "className": "show-faves-button",
          "onClick": [Function],
        },
        "ref": null,
        "rendered": Array [
          "View Favorites ",
          2,
        ],
        "type": "button",
      },
    ],
    "type": "div",
  },
  Symbol(enzyme.__nodes__): Array [
    Object {
      "instance": null,
      "key": undefined,
      "nodeType": "host",
      "props": Object {
        "children": Array [
          <h1
            className="title"
>
            SWAPI BOX
</h1>,
          <button
            className="show-faves-button"
            onClick={[Function]}
>
            View Favorites 
            2
</button>,
        ],
        "className": "header",
      },
      "ref": null,
      "rendered": Array [
        Object {
          "instance": null,
          "key": undefined,
          "nodeType": "host",
          "props": Object {
            "children": "SWAPI BOX",
            "className": "title",
          },
          "ref": null,
          "rendered": "SWAPI BOX",
          "type": "h1",
        },
        Object {
          "instance": null,
          "key": undefined,
          "nodeType": "host",
          "props": Object {
            "children": Array [
              "View Favorites ",
              2,
            ],
            "className": "show-faves-button",
            "onClick": [Function],
          },
          "ref": null,
          "rendered": Array [
            "View Favorites ",
            2,
          ],
          "type": "button",
        },
      ],
      "type": "div",
    },
  ],
  Symbol(enzyme.__options__): Object {
    "adapter": ReactSixteenAdapter {
      "options": Object {
        "enableComponentDidUpdateOnSetState": true,
      },
    },
  },
}
`;
